led_display.c:10:6:green1_on	8	static
led_display.c:18:6:red1_on	8	static
led_display.c:26:6:yellow1_on	8	static
led_display.c:34:6:green2_on	8	static
led_display.c:42:6:red2_on	8	static
led_display.c:50:6:yellow2_on	8	static
led_display.c:59:6:display7SEG	16	static
led_display.c:102:6:set_road1_buffer	24	static
led_display.c:109:6:set_road2_buffer	24	static
led_display.c:117:6:sevenSegAuto	8	static
led_display.c:167:6:updateBufferAuto	8	static
led_display.c:188:6:update_buffer_when_error	4	static
led_display.c:198:6:red_blink	8	static
led_display.c:213:6:green_blink	8	static
led_display.c:228:6:yellow_blink	8	static
led_display.c:244:6:update_buffer_manual	24	static
led_display.c:255:6:turn_all_led_on	8	static
